app/[lang]/umzug-altdorf-bei-nuernberg/page.tsx(61,25): error TS1005: ',' expected.
app/[lang]/umzug-altdorf-bei-nuernberg/page.tsx(62,28): error TS1005: ',' expected.
app/[lang]/umzug-altdorf-bei-nuernberg/page.tsx(62,48): error TS1005: ':' expected.
app/[lang]/umzug-altdorf-bei-nuernberg/page.tsx(76,82): error TS1005: ',' expected.
app/[lang]/umzug-altdorf-bei-nuernberg/page.tsx(77,17): error TS1109: Expression expected.
app/[lang]/umzug-altdorf-bei-nuernberg/page.tsx(90,13): error TS17014: JSX fragment has no corresponding closing tag.
app/[lang]/umzug-altdorf-bei-nuernberg/page.tsx(179,1): error TS1005: '</' expected.
app/[lang]/umzug-altdorf-bei-nuernberg/page.tsx(179,1): error TS1160: Unterminated template literal.
app/[lang]/umzug-alteglofsheim/page.tsx(61,25): error TS1005: ',' expected.
app/[lang]/umzug-alteglofsheim/page.tsx(62,28): error TS1005: ',' expected.
app/[lang]/umzug-alteglofsheim/page.tsx(62,48): error TS1005: ':' expected.
app/[lang]/umzug-alteglofsheim/page.tsx(76,82): error TS1005: ',' expected.
app/[lang]/umzug-alteglofsheim/page.tsx(77,17): error TS1109: Expression expected.
app/[lang]/umzug-alteglofsheim/page.tsx(90,13): error TS17014: JSX fragment has no corresponding closing tag.
app/[lang]/umzug-alteglofsheim/page.tsx(179,1): error TS1005: '</' expected.
app/[lang]/umzug-alteglofsheim/page.tsx(179,1): error TS1160: Unterminated template literal.
app/[lang]/umzug-altenthann/page.tsx(61,25): error TS1005: ',' expected.
app/[lang]/umzug-altenthann/page.tsx(62,28): error TS1005: ',' expected.
app/[lang]/umzug-altenthann/page.tsx(62,48): error TS1005: ':' expected.
app/[lang]/umzug-altenthann/page.tsx(76,82): error TS1005: ',' expected.
app/[lang]/umzug-altenthann/page.tsx(77,17): error TS1109: Expression expected.
app/[lang]/umzug-altenthann/page.tsx(90,13): error TS17014: JSX fragment has no corresponding closing tag.
app/[lang]/umzug-altenthann/page.tsx(179,1): error TS1005: '</' expected.
app/[lang]/umzug-altenthann/page.tsx(179,1): error TS1160: Unterminated template literal.
app/[lang]/umzug-amberg/page.tsx(64,25): error TS1005: ',' expected.
app/[lang]/umzug-amberg/page.tsx(65,28): error TS1005: ',' expected.
app/[lang]/umzug-amberg/page.tsx(65,48): error TS1005: ':' expected.
app/[lang]/umzug-amberg/page.tsx(79,82): error TS1005: ',' expected.
app/[lang]/umzug-amberg/page.tsx(80,17): error TS1109: Expression expected.
app/[lang]/umzug-amberg/page.tsx(93,13): error TS17014: JSX fragment has no corresponding closing tag.
app/[lang]/umzug-amberg/page.tsx(186,1): error TS1005: '</' expected.
app/[lang]/umzug-amberg/page.tsx(186,1): error TS1160: Unterminated template literal.
app/[lang]/umzug-ansbach/page.tsx(61,25): error TS1005: ',' expected.
app/[lang]/umzug-ansbach/page.tsx(62,28): error TS1005: ',' expected.
app/[lang]/umzug-ansbach/page.tsx(62,48): error TS1005: ':' expected.
app/[lang]/umzug-ansbach/page.tsx(76,82): error TS1005: ',' expected.
app/[lang]/umzug-ansbach/page.tsx(77,17): error TS1109: Expression expected.
app/[lang]/umzug-ansbach/page.tsx(90,13): error TS17014: JSX fragment has no corresponding closing tag.
app/[lang]/umzug-ansbach/page.tsx(179,1): error TS1005: '</' expected.
app/[lang]/umzug-ansbach/page.tsx(179,1): error TS1160: Unterminated template literal.
app/[lang]/umzug-beratzhausen/page.tsx(61,25): error TS1005: ',' expected.
app/[lang]/umzug-beratzhausen/page.tsx(62,28): error TS1005: ',' expected.
app/[lang]/umzug-beratzhausen/page.tsx(62,48): error TS1005: ':' expected.
app/[lang]/umzug-beratzhausen/page.tsx(76,82): error TS1005: ',' expected.
app/[lang]/umzug-beratzhausen/page.tsx(77,17): error TS1109: Expression expected.
app/[lang]/umzug-beratzhausen/page.tsx(90,13): error TS17014: JSX fragment has no corresponding closing tag.
app/[lang]/umzug-beratzhausen/page.tsx(179,1): error TS1005: '</' expected.
app/[lang]/umzug-beratzhausen/page.tsx(179,1): error TS1160: Unterminated template literal.
app/[lang]/umzug-berching/page.tsx(61,25): error TS1005: ',' expected.
app/[lang]/umzug-berching/page.tsx(62,28): error TS1005: ',' expected.
app/[lang]/umzug-berching/page.tsx(62,48): error TS1005: ':' expected.
app/[lang]/umzug-berching/page.tsx(76,82): error TS1005: ',' expected.
app/[lang]/umzug-berching/page.tsx(77,17): error TS1109: Expression expected.
app/[lang]/umzug-berching/page.tsx(90,13): error TS17014: JSX fragment has no corresponding closing tag.
app/[lang]/umzug-berching/page.tsx(179,1): error TS1005: '</' expected.
app/[lang]/umzug-berching/page.tsx(179,1): error TS1160: Unterminated template literal.
app/[lang]/umzug-brennberg/page.tsx(61,25): error TS1005: ',' expected.
app/[lang]/umzug-brennberg/page.tsx(62,28): error TS1005: ',' expected.
app/[lang]/umzug-brennberg/page.tsx(62,48): error TS1005: ':' expected.
app/[lang]/umzug-brennberg/page.tsx(76,82): error TS1005: ',' expected.
app/[lang]/umzug-brennberg/page.tsx(77,17): error TS1109: Expression expected.
app/[lang]/umzug-brennberg/page.tsx(90,13): error TS17014: JSX fragment has no corresponding closing tag.
app/[lang]/umzug-brennberg/page.tsx(179,1): error TS1005: '</' expected.
app/[lang]/umzug-brennberg/page.tsx(179,1): error TS1160: Unterminated template literal.
app/[lang]/umzug-brunn/page.tsx(61,25): error TS1005: ',' expected.
app/[lang]/umzug-brunn/page.tsx(62,28): error TS1005: ',' expected.
app/[lang]/umzug-brunn/page.tsx(62,48): error TS1005: ':' expected.
app/[lang]/umzug-brunn/page.tsx(76,82): error TS1005: ',' expected.
app/[lang]/umzug-brunn/page.tsx(77,17): error TS1109: Expression expected.
app/[lang]/umzug-brunn/page.tsx(90,13): error TS17014: JSX fragment has no corresponding closing tag.
app/[lang]/umzug-brunn/page.tsx(179,1): error TS1005: '</' expected.
app/[lang]/umzug-brunn/page.tsx(179,1): error TS1160: Unterminated template literal.
app/[lang]/umzug-deuerling/page.tsx(61,25): error TS1005: ',' expected.
app/[lang]/umzug-deuerling/page.tsx(62,28): error TS1005: ',' expected.
app/[lang]/umzug-deuerling/page.tsx(62,48): error TS1005: ':' expected.
app/[lang]/umzug-deuerling/page.tsx(76,82): error TS1005: ',' expected.
app/[lang]/umzug-deuerling/page.tsx(77,17): error TS1109: Expression expected.
app/[lang]/umzug-deuerling/page.tsx(90,13): error TS17014: JSX fragment has no corresponding closing tag.
app/[lang]/umzug-deuerling/page.tsx(179,1): error TS1005: '</' expected.
app/[lang]/umzug-deuerling/page.tsx(179,1): error TS1160: Unterminated template literal.
app/[lang]/umzug-dietfurt/page.tsx(61,25): error TS1005: ',' expected.
app/[lang]/umzug-dietfurt/page.tsx(62,28): error TS1005: ',' expected.
app/[lang]/umzug-dietfurt/page.tsx(62,48): error TS1005: ':' expected.
app/[lang]/umzug-dietfurt/page.tsx(76,82): error TS1005: ',' expected.
app/[lang]/umzug-dietfurt/page.tsx(77,17): error TS1109: Expression expected.
app/[lang]/umzug-dietfurt/page.tsx(90,13): error TS17014: JSX fragment has no corresponding closing tag.
app/[lang]/umzug-dietfurt/page.tsx(179,1): error TS1005: '</' expected.
app/[lang]/umzug-dietfurt/page.tsx(179,1): error TS1160: Unterminated template literal.
app/[lang]/umzug-donaustauf/page.tsx(61,25): error TS1005: ',' expected.
app/[lang]/umzug-donaustauf/page.tsx(62,28): error TS1005: ',' expected.
app/[lang]/umzug-donaustauf/page.tsx(62,48): error TS1005: ':' expected.
app/[lang]/umzug-donaustauf/page.tsx(76,82): error TS1005: ',' expected.
app/[lang]/umzug-donaustauf/page.tsx(77,17): error TS1109: Expression expected.
app/[lang]/umzug-donaustauf/page.tsx(90,13): error TS17014: JSX fragment has no corresponding closing tag.
app/[lang]/umzug-donaustauf/page.tsx(179,1): error TS1005: '</' expected.
app/[lang]/umzug-donaustauf/page.tsx(179,1): error TS1160: Unterminated template literal.
app/[lang]/umzug-duggendorf/page.tsx(61,25): error TS1005: ',' expected.
app/[lang]/umzug-duggendorf/page.tsx(62,28): error TS1005: ',' expected.
app/[lang]/umzug-duggendorf/page.tsx(62,48): error TS1005: ':' expected.
app/[lang]/umzug-duggendorf/page.tsx(76,82): error TS1005: ',' expected.
app/[lang]/umzug-duggendorf/page.tsx(77,17): error TS1109: Expression expected.
app/[lang]/umzug-duggendorf/page.tsx(90,13): error TS17014: JSX fragment has no corresponding closing tag.
app/[lang]/umzug-duggendorf/page.tsx(179,1): error TS1005: '</' expected.
app/[lang]/umzug-duggendorf/page.tsx(179,1): error TS1160: Unterminated template literal.
app/[lang]/umzug-erding/page.tsx(61,25): error TS1005: ',' expected.
app/[lang]/umzug-erding/page.tsx(62,28): error TS1005: ',' expected.
app/[lang]/umzug-erding/page.tsx(62,48): error TS1005: ':' expected.
app/[lang]/umzug-erding/page.tsx(76,82): error TS1005: ',' expected.
app/[lang]/umzug-erding/page.tsx(77,17): error TS1109: Expression expected.
app/[lang]/umzug-erding/page.tsx(90,13): error TS17014: JSX fragment has no corresponding closing tag.
app/[lang]/umzug-erding/page.tsx(179,1): error TS1005: '</' expected.
app/[lang]/umzug-erding/page.tsx(179,1): error TS1160: Unterminated template literal.
app/[lang]/umzug-ergoldsbach/page.tsx(61,25): error TS1005: ',' expected.
app/[lang]/umzug-ergoldsbach/page.tsx(62,28): error TS1005: ',' expected.
app/[lang]/umzug-ergoldsbach/page.tsx(62,48): error TS1005: ':' expected.
app/[lang]/umzug-ergoldsbach/page.tsx(76,82): error TS1005: ',' expected.
app/[lang]/umzug-ergoldsbach/page.tsx(77,17): error TS1109: Expression expected.
app/[lang]/umzug-ergoldsbach/page.tsx(90,13): error TS17014: JSX fragment has no corresponding closing tag.
app/[lang]/umzug-ergoldsbach/page.tsx(179,1): error TS1005: '</' expected.
app/[lang]/umzug-ergoldsbach/page.tsx(179,1): error TS1160: Unterminated template literal.
app/[lang]/umzug-erlangen/page.tsx(61,25): error TS1005: ',' expected.
app/[lang]/umzug-erlangen/page.tsx(62,28): error TS1005: ',' expected.
app/[lang]/umzug-erlangen/page.tsx(62,48): error TS1005: ':' expected.
app/[lang]/umzug-erlangen/page.tsx(76,82): error TS1005: ',' expected.
app/[lang]/umzug-erlangen/page.tsx(77,17): error TS1109: Expression expected.
app/[lang]/umzug-erlangen/page.tsx(90,13): error TS17014: JSX fragment has no corresponding closing tag.
app/[lang]/umzug-erlangen/page.tsx(179,1): error TS1005: '</' expected.
app/[lang]/umzug-erlangen/page.tsx(179,1): error TS1160: Unterminated template literal.
app/[lang]/umzug-feucht/page.tsx(61,25): error TS1005: ',' expected.
app/[lang]/umzug-feucht/page.tsx(62,28): error TS1005: ',' expected.
app/[lang]/umzug-feucht/page.tsx(62,48): error TS1005: ':' expected.
app/[lang]/umzug-feucht/page.tsx(76,82): error TS1005: ',' expected.
app/[lang]/umzug-feucht/page.tsx(77,17): error TS1109: Expression expected.
app/[lang]/umzug-feucht/page.tsx(90,13): error TS17014: JSX fragment has no corresponding closing tag.
app/[lang]/umzug-feucht/page.tsx(179,1): error TS1005: '</' expected.
app/[lang]/umzug-feucht/page.tsx(179,1): error TS1160: Unterminated template literal.
app/[lang]/umzug-forchheim/page.tsx(61,25): error TS1005: ',' expected.
app/[lang]/umzug-forchheim/page.tsx(62,28): error TS1005: ',' expected.
app/[lang]/umzug-forchheim/page.tsx(62,48): error TS1005: ':' expected.
app/[lang]/umzug-forchheim/page.tsx(76,82): error TS1005: ',' expected.
app/[lang]/umzug-forchheim/page.tsx(77,17): error TS1109: Expression expected.
app/[lang]/umzug-forchheim/page.tsx(90,13): error TS17014: JSX fragment has no corresponding closing tag.
app/[lang]/umzug-forchheim/page.tsx(179,1): error TS1005: '</' expected.
app/[lang]/umzug-forchheim/page.tsx(179,1): error TS1160: Unterminated template literal.
app/[lang]/umzug-freising/page.tsx(61,25): error TS1005: ',' expected.
app/[lang]/umzug-freising/page.tsx(62,28): error TS1005: ',' expected.
app/[lang]/umzug-freising/page.tsx(62,48): error TS1005: ':' expected.
app/[lang]/umzug-freising/page.tsx(76,82): error TS1005: ',' expected.
app/[lang]/umzug-freising/page.tsx(77,17): error TS1109: Expression expected.
app/[lang]/umzug-freising/page.tsx(90,13): error TS17014: JSX fragment has no corresponding closing tag.
app/[lang]/umzug-freising/page.tsx(179,1): error TS1005: '</' expected.
app/[lang]/umzug-freising/page.tsx(179,1): error TS1160: Unterminated template literal.
app/[lang]/umzug-freystadt/page.tsx(61,25): error TS1005: ',' expected.
app/[lang]/umzug-freystadt/page.tsx(62,28): error TS1005: ',' expected.
app/[lang]/umzug-freystadt/page.tsx(62,48): error TS1005: ':' expected.
app/[lang]/umzug-freystadt/page.tsx(76,82): error TS1005: ',' expected.
app/[lang]/umzug-freystadt/page.tsx(77,17): error TS1109: Expression expected.
app/[lang]/umzug-freystadt/page.tsx(90,13): error TS17014: JSX fragment has no corresponding closing tag.
app/[lang]/umzug-freystadt/page.tsx(179,1): error TS1005: '</' expected.
app/[lang]/umzug-freystadt/page.tsx(179,1): error TS1160: Unterminated template literal.
app/[lang]/umzug-friedberg/page.tsx(61,25): error TS1005: ',' expected.
app/[lang]/umzug-friedberg/page.tsx(62,28): error TS1005: ',' expected.
app/[lang]/umzug-friedberg/page.tsx(62,48): error TS1005: ':' expected.
app/[lang]/umzug-friedberg/page.tsx(76,82): error TS1005: ',' expected.
app/[lang]/umzug-friedberg/page.tsx(77,17): error TS1109: Expression expected.
app/[lang]/umzug-friedberg/page.tsx(90,13): error TS17014: JSX fragment has no corresponding closing tag.
app/[lang]/umzug-friedberg/page.tsx(179,1): error TS1005: '</' expected.
app/[lang]/umzug-friedberg/page.tsx(179,1): error TS1160: Unterminated template literal.
app/[lang]/umzug-fuerstenfeldbruck/page.tsx(61,25): error TS1005: ',' expected.
app/[lang]/umzug-fuerstenfeldbruck/page.tsx(62,28): error TS1005: ',' expected.
app/[lang]/umzug-fuerstenfeldbruck/page.tsx(62,48): error TS1005: ':' expected.
app/[lang]/umzug-fuerstenfeldbruck/page.tsx(76,82): error TS1005: ',' expected.
app/[lang]/umzug-fuerstenfeldbruck/page.tsx(77,17): error TS1109: Expression expected.
app/[lang]/umzug-fuerstenfeldbruck/page.tsx(90,13): error TS17014: JSX fragment has no corresponding closing tag.
app/[lang]/umzug-fuerstenfeldbruck/page.tsx(179,1): error TS1005: '</' expected.
app/[lang]/umzug-fuerstenfeldbruck/page.tsx(179,1): error TS1160: Unterminated template literal.
app/[lang]/umzug-geiselhoering/page.tsx(61,25): error TS1005: ',' expected.
app/[lang]/umzug-geiselhoering/page.tsx(62,28): error TS1005: ',' expected.
app/[lang]/umzug-geiselhoering/page.tsx(62,48): error TS1005: ':' expected.
app/[lang]/umzug-geiselhoering/page.tsx(76,82): error TS1005: ',' expected.
app/[lang]/umzug-geiselhoering/page.tsx(77,17): error TS1109: Expression expected.
app/[lang]/umzug-geiselhoering/page.tsx(90,13): error TS17014: JSX fragment has no corresponding closing tag.
app/[lang]/umzug-geiselhoering/page.tsx(179,1): error TS1005: '</' expected.
app/[lang]/umzug-geiselhoering/page.tsx(179,1): error TS1160: Unterminated template literal.
app/[lang]/umzug-geisenfeld/page.tsx(61,25): error TS1005: ',' expected.
app/[lang]/umzug-geisenfeld/page.tsx(62,28): error TS1005: ',' expected.
app/[lang]/umzug-geisenfeld/page.tsx(62,48): error TS1005: ':' expected.
app/[lang]/umzug-geisenfeld/page.tsx(76,82): error TS1005: ',' expected.
app/[lang]/umzug-geisenfeld/page.tsx(77,17): error TS1109: Expression expected.
app/[lang]/umzug-geisenfeld/page.tsx(90,13): error TS17014: JSX fragment has no corresponding closing tag.
app/[lang]/umzug-geisenfeld/page.tsx(179,1): error TS1005: '</' expected.
app/[lang]/umzug-geisenfeld/page.tsx(179,1): error TS1160: Unterminated template literal.
app/[lang]/umzug-gersthofen/page.tsx(61,25): error TS1005: ',' expected.
app/[lang]/umzug-gersthofen/page.tsx(62,28): error TS1005: ',' expected.
app/[lang]/umzug-gersthofen/page.tsx(62,48): error TS1005: ':' expected.
app/[lang]/umzug-gersthofen/page.tsx(76,82): error TS1005: ',' expected.
app/[lang]/umzug-gersthofen/page.tsx(77,17): error TS1109: Expression expected.
app/[lang]/umzug-gersthofen/page.tsx(90,13): error TS17014: JSX fragment has no corresponding closing tag.
app/[lang]/umzug-gersthofen/page.tsx(179,1): error TS1005: '</' expected.
app/[lang]/umzug-gersthofen/page.tsx(179,1): error TS1160: Unterminated template literal.
app/[lang]/umzug-guenzburg/page.tsx(61,25): error TS1005: ',' expected.
app/[lang]/umzug-guenzburg/page.tsx(62,28): error TS1005: ',' expected.
app/[lang]/umzug-guenzburg/page.tsx(62,48): error TS1005: ':' expected.
app/[lang]/umzug-guenzburg/page.tsx(76,82): error TS1005: ',' expected.
app/[lang]/umzug-guenzburg/page.tsx(77,17): error TS1109: Expression expected.
app/[lang]/umzug-guenzburg/page.tsx(90,13): error TS17014: JSX fragment has no corresponding closing tag.
app/[lang]/umzug-guenzburg/page.tsx(179,1): error TS1005: '</' expected.
app/[lang]/umzug-guenzburg/page.tsx(179,1): error TS1160: Unterminated template literal.
app/[lang]/umzug-hagelstadt/page.tsx(61,25): error TS1005: ',' expected.
app/[lang]/umzug-hagelstadt/page.tsx(62,28): error TS1005: ',' expected.
app/[lang]/umzug-hagelstadt/page.tsx(62,48): error TS1005: ':' expected.
app/[lang]/umzug-hagelstadt/page.tsx(76,82): error TS1005: ',' expected.
app/[lang]/umzug-hagelstadt/page.tsx(77,17): error TS1109: Expression expected.
app/[lang]/umzug-hagelstadt/page.tsx(90,13): error TS17014: JSX fragment has no corresponding closing tag.
app/[lang]/umzug-hagelstadt/page.tsx(179,1): error TS1005: '</' expected.
app/[lang]/umzug-hagelstadt/page.tsx(179,1): error TS1160: Unterminated template literal.
app/[lang]/umzug-hausen/page.tsx(61,25): error TS1005: ',' expected.
app/[lang]/umzug-hausen/page.tsx(62,28): error TS1005: ',' expected.
app/[lang]/umzug-hausen/page.tsx(62,48): error TS1005: ':' expected.
app/[lang]/umzug-hausen/page.tsx(76,82): error TS1005: ',' expected.
app/[lang]/umzug-hausen/page.tsx(77,17): error TS1109: Expression expected.
app/[lang]/umzug-hausen/page.tsx(90,13): error TS17014: JSX fragment has no corresponding closing tag.
app/[lang]/umzug-hausen/page.tsx(179,1): error TS1005: '</' expected.
app/[lang]/umzug-hausen/page.tsx(179,1): error TS1160: Unterminated template literal.
app/[lang]/umzug-hemau/page.tsx(61,25): error TS1005: ',' expected.
app/[lang]/umzug-hemau/page.tsx(62,28): error TS1005: ',' expected.
app/[lang]/umzug-hemau/page.tsx(62,48): error TS1005: ':' expected.
app/[lang]/umzug-hemau/page.tsx(76,82): error TS1005: ',' expected.
app/[lang]/umzug-hemau/page.tsx(77,17): error TS1109: Expression expected.
app/[lang]/umzug-hemau/page.tsx(90,13): error TS17014: JSX fragment has no corresponding closing tag.
app/[lang]/umzug-hemau/page.tsx(179,1): error TS1005: '</' expected.
app/[lang]/umzug-hemau/page.tsx(179,1): error TS1160: Unterminated template literal.
app/[lang]/umzug-herzogenaurach/page.tsx(61,25): error TS1005: ',' expected.
app/[lang]/umzug-herzogenaurach/page.tsx(62,28): error TS1005: ',' expected.
app/[lang]/umzug-herzogenaurach/page.tsx(62,48): error TS1005: ':' expected.
app/[lang]/umzug-herzogenaurach/page.tsx(76,82): error TS1005: ',' expected.
app/[lang]/umzug-herzogenaurach/page.tsx(77,17): error TS1109: Expression expected.
app/[lang]/umzug-herzogenaurach/page.tsx(90,13): error TS17014: JSX fragment has no corresponding closing tag.
app/[lang]/umzug-herzogenaurach/page.tsx(179,1): error TS1005: '</' expected.
app/[lang]/umzug-herzogenaurach/page.tsx(179,1): error TS1160: Unterminated template literal.
app/[lang]/umzug-hohenfels/page.tsx(61,25): error TS1005: ',' expected.
app/[lang]/umzug-hohenfels/page.tsx(62,28): error TS1005: ',' expected.
app/[lang]/umzug-hohenfels/page.tsx(62,48): error TS1005: ':' expected.
app/[lang]/umzug-hohenfels/page.tsx(76,82): error TS1005: ',' expected.
app/[lang]/umzug-hohenfels/page.tsx(77,17): error TS1109: Expression expected.
app/[lang]/umzug-hohenfels/page.tsx(90,13): error TS17014: JSX fragment has no corresponding closing tag.
app/[lang]/umzug-hohenfels/page.tsx(179,1): error TS1005: '</' expected.
app/[lang]/umzug-hohenfels/page.tsx(179,1): error TS1160: Unterminated template literal.
app/[lang]/umzug-holzheim-am-forst/page.tsx(61,25): error TS1005: ',' expected.
app/[lang]/umzug-holzheim-am-forst/page.tsx(62,28): error TS1005: ',' expected.
app/[lang]/umzug-holzheim-am-forst/page.tsx(62,48): error TS1005: ':' expected.
app/[lang]/umzug-holzheim-am-forst/page.tsx(76,82): error TS1005: ',' expected.
app/[lang]/umzug-holzheim-am-forst/page.tsx(77,17): error TS1109: Expression expected.
app/[lang]/umzug-holzheim-am-forst/page.tsx(90,13): error TS17014: JSX fragment has no corresponding closing tag.
app/[lang]/umzug-holzheim-am-forst/page.tsx(179,1): error TS1005: '</' expected.
app/[lang]/umzug-holzheim-am-forst/page.tsx(179,1): error TS1160: Unterminated template literal.
app/[lang]/umzug-ingolstadt/page.tsx(61,25): error TS1005: ',' expected.
app/[lang]/umzug-ingolstadt/page.tsx(62,28): error TS1005: ',' expected.
app/[lang]/umzug-ingolstadt/page.tsx(62,48): error TS1005: ':' expected.
app/[lang]/umzug-ingolstadt/page.tsx(76,82): error TS1005: ',' expected.
app/[lang]/umzug-ingolstadt/page.tsx(77,17): error TS1109: Expression expected.
app/[lang]/umzug-ingolstadt/page.tsx(90,13): error TS17014: JSX fragment has no corresponding closing tag.
app/[lang]/umzug-ingolstadt/page.tsx(179,1): error TS1005: '</' expected.
app/[lang]/umzug-ingolstadt/page.tsx(179,1): error TS1160: Unterminated template literal.
app/[lang]/umzug-kallmuenz/page.tsx(61,25): error TS1005: ',' expected.
app/[lang]/umzug-kallmuenz/page.tsx(62,28): error TS1005: ',' expected.
app/[lang]/umzug-kallmuenz/page.tsx(62,48): error TS1005: ':' expected.
app/[lang]/umzug-kallmuenz/page.tsx(76,82): error TS1005: ',' expected.
app/[lang]/umzug-kallmuenz/page.tsx(77,17): error TS1109: Expression expected.
app/[lang]/umzug-kallmuenz/page.tsx(90,13): error TS17014: JSX fragment has no corresponding closing tag.
app/[lang]/umzug-kallmuenz/page.tsx(179,1): error TS1005: '</' expected.
app/[lang]/umzug-kallmuenz/page.tsx(179,1): error TS1160: Unterminated template literal.
app/[lang]/umzug-kaufbeuren/page.tsx(61,25): error TS1005: ',' expected.
app/[lang]/umzug-kaufbeuren/page.tsx(62,28): error TS1005: ',' expected.
app/[lang]/umzug-kaufbeuren/page.tsx(62,48): error TS1005: ':' expected.
app/[lang]/umzug-kaufbeuren/page.tsx(76,82): error TS1005: ',' expected.
app/[lang]/umzug-kaufbeuren/page.tsx(77,17): error TS1109: Expression expected.
app/[lang]/umzug-kaufbeuren/page.tsx(90,13): error TS17014: JSX fragment has no corresponding closing tag.
app/[lang]/umzug-kaufbeuren/page.tsx(179,1): error TS1005: '</' expected.
app/[lang]/umzug-kaufbeuren/page.tsx(179,1): error TS1160: Unterminated template literal.
app/[lang]/umzug-kelheim/page.tsx(61,25): error TS1005: ',' expected.
app/[lang]/umzug-kelheim/page.tsx(62,28): error TS1005: ',' expected.
app/[lang]/umzug-kelheim/page.tsx(62,48): error TS1005: ':' expected.
app/[lang]/umzug-kelheim/page.tsx(76,82): error TS1005: ',' expected.
app/[lang]/umzug-kelheim/page.tsx(77,17): error TS1109: Expression expected.
app/[lang]/umzug-kelheim/page.tsx(90,13): error TS17014: JSX fragment has no corresponding closing tag.
app/[lang]/umzug-kelheim/page.tsx(179,1): error TS1005: '</' expected.
app/[lang]/umzug-kelheim/page.tsx(179,1): error TS1160: Unterminated template literal.
app/[lang]/umzug-kempten/page.tsx(61,25): error TS1005: ',' expected.
app/[lang]/umzug-kempten/page.tsx(62,28): error TS1005: ',' expected.
app/[lang]/umzug-kempten/page.tsx(62,48): error TS1005: ':' expected.
app/[lang]/umzug-kempten/page.tsx(76,82): error TS1005: ',' expected.
app/[lang]/umzug-kempten/page.tsx(77,17): error TS1109: Expression expected.
app/[lang]/umzug-kempten/page.tsx(90,13): error TS17014: JSX fragment has no corresponding closing tag.
app/[lang]/umzug-kempten/page.tsx(179,1): error TS1005: '</' expected.
app/[lang]/umzug-kempten/page.tsx(179,1): error TS1160: Unterminated template literal.
app/[lang]/umzug-koefering/page.tsx(61,25): error TS1005: ',' expected.
app/[lang]/umzug-koefering/page.tsx(62,28): error TS1005: ',' expected.
app/[lang]/umzug-koefering/page.tsx(62,48): error TS1005: ':' expected.
app/[lang]/umzug-koefering/page.tsx(76,82): error TS1005: ',' expected.
app/[lang]/umzug-koefering/page.tsx(77,17): error TS1109: Expression expected.
app/[lang]/umzug-koefering/page.tsx(90,13): error TS17014: JSX fragment has no corresponding closing tag.
app/[lang]/umzug-koefering/page.tsx(179,1): error TS1005: '</' expected.
app/[lang]/umzug-koefering/page.tsx(179,1): error TS1160: Unterminated template literal.
app/[lang]/umzug-laaber/page.tsx(61,25): error TS1005: ',' expected.
app/[lang]/umzug-laaber/page.tsx(62,28): error TS1005: ',' expected.
app/[lang]/umzug-laaber/page.tsx(62,48): error TS1005: ':' expected.
app/[lang]/umzug-laaber/page.tsx(76,82): error TS1005: ',' expected.
app/[lang]/umzug-laaber/page.tsx(77,17): error TS1109: Expression expected.
app/[lang]/umzug-laaber/page.tsx(90,13): error TS17014: JSX fragment has no corresponding closing tag.
app/[lang]/umzug-laaber/page.tsx(179,1): error TS1005: '</' expected.
app/[lang]/umzug-laaber/page.tsx(179,1): error TS1160: Unterminated template literal.
app/[lang]/umzug-landkreis-regensburg/page.tsx(73,84): error TS1005: ',' expected.
app/[lang]/umzug-landkreis-regensburg/page.tsx(75,82): error TS1005: ',' expected.
app/[lang]/umzug-landkreis-regensburg/page.tsx(76,17): error TS1109: Expression expected.
app/[lang]/umzug-landkreis-regensburg/page.tsx(78,13): error TS1128: Declaration or statement expected.
app/[lang]/umzug-landkreis-regensburg/page.tsx(86,9): error TS1128: Declaration or statement expected.
app/[lang]/umzug-landkreis-regensburg/page.tsx(89,13): error TS17014: JSX fragment has no corresponding closing tag.
app/[lang]/umzug-landkreis-regensburg/page.tsx(178,1): error TS1005: '</' expected.
app/[lang]/umzug-landkreis-regensburg/page.tsx(178,1): error TS1160: Unterminated template literal.
app/[lang]/umzug-langquaid/page.tsx(61,25): error TS1005: ',' expected.
app/[lang]/umzug-langquaid/page.tsx(62,28): error TS1005: ',' expected.
app/[lang]/umzug-langquaid/page.tsx(62,48): error TS1005: ':' expected.
app/[lang]/umzug-langquaid/page.tsx(76,82): error TS1005: ',' expected.
app/[lang]/umzug-langquaid/page.tsx(77,17): error TS1109: Expression expected.
app/[lang]/umzug-langquaid/page.tsx(90,13): error TS17014: JSX fragment has no corresponding closing tag.
app/[lang]/umzug-langquaid/page.tsx(179,1): error TS1005: '</' expected.
app/[lang]/umzug-langquaid/page.tsx(179,1): error TS1160: Unterminated template literal.
app/[lang]/umzug-lappersdorf/page.tsx(61,25): error TS1005: ',' expected.
app/[lang]/umzug-lappersdorf/page.tsx(62,28): error TS1005: ',' expected.
app/[lang]/umzug-lappersdorf/page.tsx(62,48): error TS1005: ':' expected.
app/[lang]/umzug-lappersdorf/page.tsx(76,82): error TS1005: ',' expected.
app/[lang]/umzug-lappersdorf/page.tsx(77,17): error TS1109: Expression expected.
app/[lang]/umzug-lappersdorf/page.tsx(90,13): error TS17014: JSX fragment has no corresponding closing tag.
app/[lang]/umzug-lappersdorf/page.tsx(179,1): error TS1005: '</' expected.
app/[lang]/umzug-lappersdorf/page.tsx(179,1): error TS1160: Unterminated template literal.
app/[lang]/umzug-lupburg/page.tsx(61,25): error TS1005: ',' expected.
app/[lang]/umzug-lupburg/page.tsx(62,28): error TS1005: ',' expected.
app/[lang]/umzug-lupburg/page.tsx(62,48): error TS1005: ':' expected.
app/[lang]/umzug-lupburg/page.tsx(76,82): error TS1005: ',' expected.
app/[lang]/umzug-lupburg/page.tsx(77,17): error TS1109: Expression expected.
app/[lang]/umzug-lupburg/page.tsx(90,13): error TS17014: JSX fragment has no corresponding closing tag.
app/[lang]/umzug-lupburg/page.tsx(179,1): error TS1005: '</' expected.
app/[lang]/umzug-lupburg/page.tsx(179,1): error TS1160: Unterminated template literal.
app/[lang]/umzug-mainburg/page.tsx(61,25): error TS1005: ',' expected.
app/[lang]/umzug-mainburg/page.tsx(62,28): error TS1005: ',' expected.
app/[lang]/umzug-mainburg/page.tsx(62,48): error TS1005: ':' expected.
app/[lang]/umzug-mainburg/page.tsx(76,82): error TS1005: ',' expected.
app/[lang]/umzug-mainburg/page.tsx(77,17): error TS1109: Expression expected.
app/[lang]/umzug-mainburg/page.tsx(90,13): error TS17014: JSX fragment has no corresponding closing tag.
app/[lang]/umzug-mainburg/page.tsx(179,1): error TS1005: '</' expected.
app/[lang]/umzug-mainburg/page.tsx(179,1): error TS1160: Unterminated template literal.
app/[lang]/umzug-mallersdorf-pfaffenberg/page.tsx(61,25): error TS1005: ',' expected.
app/[lang]/umzug-mallersdorf-pfaffenberg/page.tsx(62,28): error TS1005: ',' expected.
app/[lang]/umzug-mallersdorf-pfaffenberg/page.tsx(62,48): error TS1005: ':' expected.
app/[lang]/umzug-mallersdorf-pfaffenberg/page.tsx(76,82): error TS1005: ',' expected.
app/[lang]/umzug-mallersdorf-pfaffenberg/page.tsx(77,17): error TS1109: Expression expected.
app/[lang]/umzug-mallersdorf-pfaffenberg/page.tsx(90,13): error TS17014: JSX fragment has no corresponding closing tag.
app/[lang]/umzug-mallersdorf-pfaffenberg/page.tsx(179,1): error TS1005: '</' expected.
app/[lang]/umzug-mallersdorf-pfaffenberg/page.tsx(179,1): error TS1160: Unterminated template literal.
app/[lang]/umzug-mammendorf/page.tsx(61,25): error TS1005: ',' expected.
app/[lang]/umzug-mammendorf/page.tsx(62,28): error TS1005: ',' expected.
app/[lang]/umzug-mammendorf/page.tsx(62,48): error TS1005: ':' expected.
app/[lang]/umzug-mammendorf/page.tsx(76,82): error TS1005: ',' expected.
app/[lang]/umzug-mammendorf/page.tsx(77,17): error TS1109: Expression expected.
app/[lang]/umzug-mammendorf/page.tsx(90,13): error TS17014: JSX fragment has no corresponding closing tag.
app/[lang]/umzug-mammendorf/page.tsx(179,1): error TS1005: '</' expected.
app/[lang]/umzug-mammendorf/page.tsx(179,1): error TS1160: Unterminated template literal.
app/[lang]/umzug-maxhuette-haidhof/page.tsx(61,25): error TS1005: ',' expected.
app/[lang]/umzug-maxhuette-haidhof/page.tsx(62,28): error TS1005: ',' expected.
app/[lang]/umzug-maxhuette-haidhof/page.tsx(62,48): error TS1005: ':' expected.
app/[lang]/umzug-maxhuette-haidhof/page.tsx(76,82): error TS1005: ',' expected.
app/[lang]/umzug-maxhuette-haidhof/page.tsx(77,17): error TS1109: Expression expected.
app/[lang]/umzug-maxhuette-haidhof/page.tsx(90,13): error TS17014: JSX fragment has no corresponding closing tag.
app/[lang]/umzug-maxhuette-haidhof/page.tsx(179,1): error TS1005: '</' expected.
app/[lang]/umzug-maxhuette-haidhof/page.tsx(179,1): error TS1160: Unterminated template literal.
app/[lang]/umzug-memmingen/page.tsx(61,25): error TS1005: ',' expected.
app/[lang]/umzug-memmingen/page.tsx(62,28): error TS1005: ',' expected.
app/[lang]/umzug-memmingen/page.tsx(62,48): error TS1005: ':' expected.
app/[lang]/umzug-memmingen/page.tsx(76,82): error TS1005: ',' expected.
app/[lang]/umzug-memmingen/page.tsx(77,17): error TS1109: Expression expected.
app/[lang]/umzug-memmingen/page.tsx(88,13): error TS17014: JSX fragment has no corresponding closing tag.
app/[lang]/umzug-memmingen/page.tsx(176,1): error TS1005: '</' expected.
app/[lang]/umzug-memmingen/page.tsx(176,1): error TS1160: Unterminated template literal.
app/[lang]/umzug-mering/page.tsx(61,25): error TS1005: ',' expected.
app/[lang]/umzug-mering/page.tsx(62,28): error TS1005: ',' expected.
app/[lang]/umzug-mering/page.tsx(62,48): error TS1005: ':' expected.
app/[lang]/umzug-mering/page.tsx(76,82): error TS1005: ',' expected.
app/[lang]/umzug-mering/page.tsx(77,17): error TS1109: Expression expected.
app/[lang]/umzug-mering/page.tsx(90,13): error TS17014: JSX fragment has no corresponding closing tag.
app/[lang]/umzug-mering/page.tsx(179,1): error TS1005: '</' expected.
app/[lang]/umzug-mering/page.tsx(179,1): error TS1160: Unterminated template literal.
app/[lang]/umzug-mintraching/page.tsx(61,25): error TS1005: ',' expected.
app/[lang]/umzug-mintraching/page.tsx(62,28): error TS1005: ',' expected.
app/[lang]/umzug-mintraching/page.tsx(62,48): error TS1005: ':' expected.
app/[lang]/umzug-mintraching/page.tsx(76,82): error TS1005: ',' expected.
app/[lang]/umzug-mintraching/page.tsx(77,17): error TS1109: Expression expected.
app/[lang]/umzug-mintraching/page.tsx(90,13): error TS17014: JSX fragment has no corresponding closing tag.
app/[lang]/umzug-mintraching/page.tsx(179,1): error TS1005: '</' expected.
app/[lang]/umzug-mintraching/page.tsx(179,1): error TS1160: Unterminated template literal.
app/[lang]/umzug-moetzing/page.tsx(61,25): error TS1005: ',' expected.
app/[lang]/umzug-moetzing/page.tsx(62,28): error TS1005: ',' expected.
app/[lang]/umzug-moetzing/page.tsx(62,48): error TS1005: ':' expected.
app/[lang]/umzug-moetzing/page.tsx(76,82): error TS1005: ',' expected.
app/[lang]/umzug-moetzing/page.tsx(77,17): error TS1109: Expression expected.
app/[lang]/umzug-moetzing/page.tsx(90,13): error TS17014: JSX fragment has no corresponding closing tag.
app/[lang]/umzug-moetzing/page.tsx(179,1): error TS1005: '</' expected.
app/[lang]/umzug-moetzing/page.tsx(179,1): error TS1160: Unterminated template literal.
app/[lang]/umzug-moosburg/page.tsx(61,25): error TS1005: ',' expected.
app/[lang]/umzug-moosburg/page.tsx(62,28): error TS1005: ',' expected.
app/[lang]/umzug-moosburg/page.tsx(62,48): error TS1005: ':' expected.
app/[lang]/umzug-moosburg/page.tsx(76,82): error TS1005: ',' expected.
app/[lang]/umzug-moosburg/page.tsx(77,17): error TS1109: Expression expected.
app/[lang]/umzug-moosburg/page.tsx(90,13): error TS17014: JSX fragment has no corresponding closing tag.
app/[lang]/umzug-moosburg/page.tsx(179,1): error TS1005: '</' expected.
app/[lang]/umzug-moosburg/page.tsx(179,1): error TS1160: Unterminated template literal.
app/[lang]/umzug-neu-ulm/page.tsx(61,25): error TS1005: ',' expected.
app/[lang]/umzug-neu-ulm/page.tsx(62,28): error TS1005: ',' expected.
app/[lang]/umzug-neu-ulm/page.tsx(62,48): error TS1005: ':' expected.
app/[lang]/umzug-neu-ulm/page.tsx(76,82): error TS1005: ',' expected.
app/[lang]/umzug-neu-ulm/page.tsx(77,17): error TS1109: Expression expected.
app/[lang]/umzug-neu-ulm/page.tsx(90,13): error TS17014: JSX fragment has no corresponding closing tag.
app/[lang]/umzug-neu-ulm/page.tsx(179,1): error TS1005: '</' expected.
app/[lang]/umzug-neu-ulm/page.tsx(179,1): error TS1160: Unterminated template literal.
app/[lang]/umzug-neufahrn-in-niederbayern/page.tsx(61,25): error TS1005: ',' expected.
app/[lang]/umzug-neufahrn-in-niederbayern/page.tsx(62,28): error TS1005: ',' expected.
app/[lang]/umzug-neufahrn-in-niederbayern/page.tsx(62,48): error TS1005: ':' expected.
app/[lang]/umzug-neufahrn-in-niederbayern/page.tsx(76,82): error TS1005: ',' expected.
app/[lang]/umzug-neufahrn-in-niederbayern/page.tsx(77,17): error TS1109: Expression expected.
app/[lang]/umzug-neufahrn-in-niederbayern/page.tsx(90,13): error TS17014: JSX fragment has no corresponding closing tag.
app/[lang]/umzug-neufahrn-in-niederbayern/page.tsx(179,1): error TS1005: '</' expected.
app/[lang]/umzug-neufahrn-in-niederbayern/page.tsx(179,1): error TS1160: Unterminated template literal.
app/[lang]/umzug-neumarkt/page.tsx(61,25): error TS1005: ',' expected.
app/[lang]/umzug-neumarkt/page.tsx(62,28): error TS1005: ',' expected.
app/[lang]/umzug-neumarkt/page.tsx(62,48): error TS1005: ':' expected.
app/[lang]/umzug-neumarkt/page.tsx(76,82): error TS1005: ',' expected.
app/[lang]/umzug-neumarkt/page.tsx(77,17): error TS1109: Expression expected.
app/[lang]/umzug-neumarkt/page.tsx(90,13): error TS17014: JSX fragment has no corresponding closing tag.
app/[lang]/umzug-neumarkt/page.tsx(179,1): error TS1005: '</' expected.
app/[lang]/umzug-neumarkt/page.tsx(179,1): error TS1160: Unterminated template literal.
app/[lang]/umzug-neusaess/page.tsx(61,25): error TS1005: ',' expected.
app/[lang]/umzug-neusaess/page.tsx(62,28): error TS1005: ',' expected.
app/[lang]/umzug-neusaess/page.tsx(62,48): error TS1005: ':' expected.
app/[lang]/umzug-neusaess/page.tsx(76,82): error TS1005: ',' expected.
app/[lang]/umzug-neusaess/page.tsx(77,17): error TS1109: Expression expected.
app/[lang]/umzug-neusaess/page.tsx(90,13): error TS17014: JSX fragment has no corresponding closing tag.
app/[lang]/umzug-neusaess/page.tsx(179,1): error TS1005: '</' expected.
app/[lang]/umzug-neusaess/page.tsx(179,1): error TS1160: Unterminated template literal.
app/[lang]/umzug-neustadt-an-der-donau/page.tsx(61,25): error TS1005: ',' expected.
app/[lang]/umzug-neustadt-an-der-donau/page.tsx(62,28): error TS1005: ',' expected.
app/[lang]/umzug-neustadt-an-der-donau/page.tsx(62,48): error TS1005: ':' expected.
app/[lang]/umzug-neustadt-an-der-donau/page.tsx(76,82): error TS1005: ',' expected.
app/[lang]/umzug-neustadt-an-der-donau/page.tsx(77,17): error TS1109: Expression expected.
app/[lang]/umzug-neustadt-an-der-donau/page.tsx(90,13): error TS17014: JSX fragment has no corresponding closing tag.
app/[lang]/umzug-neustadt-an-der-donau/page.tsx(179,1): error TS1005: '</' expected.
app/[lang]/umzug-neustadt-an-der-donau/page.tsx(179,1): error TS1160: Unterminated template literal.
app/[lang]/umzug-neutraubling/page.tsx(61,25): error TS1005: ',' expected.
app/[lang]/umzug-neutraubling/page.tsx(62,28): error TS1005: ',' expected.
app/[lang]/umzug-neutraubling/page.tsx(62,48): error TS1005: ':' expected.
app/[lang]/umzug-neutraubling/page.tsx(76,82): error TS1005: ',' expected.
app/[lang]/umzug-neutraubling/page.tsx(77,17): error TS1109: Expression expected.
app/[lang]/umzug-neutraubling/page.tsx(90,13): error TS17014: JSX fragment has no corresponding closing tag.
app/[lang]/umzug-neutraubling/page.tsx(179,1): error TS1005: '</' expected.
app/[lang]/umzug-neutraubling/page.tsx(179,1): error TS1160: Unterminated template literal.
app/[lang]/umzug-nittenau/page.tsx(61,25): error TS1005: ',' expected.
app/[lang]/umzug-nittenau/page.tsx(62,28): error TS1005: ',' expected.
app/[lang]/umzug-nittenau/page.tsx(62,48): error TS1005: ':' expected.
app/[lang]/umzug-nittenau/page.tsx(76,82): error TS1005: ',' expected.
app/[lang]/umzug-nittenau/page.tsx(77,17): error TS1109: Expression expected.
app/[lang]/umzug-nittenau/page.tsx(90,13): error TS17014: JSX fragment has no corresponding closing tag.
app/[lang]/umzug-nittenau/page.tsx(179,1): error TS1005: '</' expected.
app/[lang]/umzug-nittenau/page.tsx(179,1): error TS1160: Unterminated template literal.
app/[lang]/umzug-nittendorf/page.tsx(61,25): error TS1005: ',' expected.
app/[lang]/umzug-nittendorf/page.tsx(62,28): error TS1005: ',' expected.
app/[lang]/umzug-nittendorf/page.tsx(62,48): error TS1005: ':' expected.
app/[lang]/umzug-nittendorf/page.tsx(76,82): error TS1005: ',' expected.
app/[lang]/umzug-nittendorf/page.tsx(77,17): error TS1109: Expression expected.
app/[lang]/umzug-nittendorf/page.tsx(90,13): error TS17014: JSX fragment has no corresponding closing tag.
app/[lang]/umzug-nittendorf/page.tsx(179,1): error TS1005: '</' expected.
app/[lang]/umzug-nittendorf/page.tsx(179,1): error TS1160: Unterminated template literal.
app/[lang]/umzug-oberasbach/page.tsx(61,25): error TS1005: ',' expected.
app/[lang]/umzug-oberasbach/page.tsx(62,28): error TS1005: ',' expected.
app/[lang]/umzug-oberasbach/page.tsx(62,48): error TS1005: ':' expected.
app/[lang]/umzug-oberasbach/page.tsx(76,82): error TS1005: ',' expected.
app/[lang]/umzug-oberasbach/page.tsx(77,17): error TS1109: Expression expected.
app/[lang]/umzug-oberasbach/page.tsx(90,13): error TS17014: JSX fragment has no corresponding closing tag.
app/[lang]/umzug-oberasbach/page.tsx(179,1): error TS1005: '</' expected.
app/[lang]/umzug-oberasbach/page.tsx(179,1): error TS1160: Unterminated template literal.
app/[lang]/umzug-oberpfalz/page.tsx(73,84): error TS1005: ',' expected.
app/[lang]/umzug-oberpfalz/page.tsx(75,82): error TS1005: ',' expected.
app/[lang]/umzug-oberpfalz/page.tsx(76,17): error TS1109: Expression expected.
app/[lang]/umzug-oberpfalz/page.tsx(78,13): error TS1128: Declaration or statement expected.
app/[lang]/umzug-oberpfalz/page.tsx(86,9): error TS1128: Declaration or statement expected.
app/[lang]/umzug-oberpfalz/page.tsx(89,13): error TS17014: JSX fragment has no corresponding closing tag.
app/[lang]/umzug-oberpfalz/page.tsx(178,1): error TS1005: '</' expected.
app/[lang]/umzug-oberpfalz/page.tsx(178,1): error TS1160: Unterminated template literal.
app/[lang]/umzug-obertraubling/page.tsx(61,25): error TS1005: ',' expected.
app/[lang]/umzug-obertraubling/page.tsx(62,28): error TS1005: ',' expected.
app/[lang]/umzug-obertraubling/page.tsx(62,48): error TS1005: ':' expected.
app/[lang]/umzug-obertraubling/page.tsx(76,82): error TS1005: ',' expected.
app/[lang]/umzug-obertraubling/page.tsx(77,17): error TS1109: Expression expected.
app/[lang]/umzug-obertraubling/page.tsx(90,13): error TS17014: JSX fragment has no corresponding closing tag.
app/[lang]/umzug-obertraubling/page.tsx(179,1): error TS1005: '</' expected.
app/[lang]/umzug-obertraubling/page.tsx(179,1): error TS1160: Unterminated template literal.
app/[lang]/umzug-olching/page.tsx(61,25): error TS1005: ',' expected.
app/[lang]/umzug-olching/page.tsx(62,28): error TS1005: ',' expected.
app/[lang]/umzug-olching/page.tsx(62,48): error TS1005: ':' expected.
app/[lang]/umzug-olching/page.tsx(76,82): error TS1005: ',' expected.
app/[lang]/umzug-olching/page.tsx(77,17): error TS1109: Expression expected.
app/[lang]/umzug-olching/page.tsx(90,13): error TS17014: JSX fragment has no corresponding closing tag.
app/[lang]/umzug-olching/page.tsx(179,1): error TS1005: '</' expected.
app/[lang]/umzug-olching/page.tsx(179,1): error TS1160: Unterminated template literal.
app/[lang]/umzug-parsberg/page.tsx(61,25): error TS1005: ',' expected.
app/[lang]/umzug-parsberg/page.tsx(62,28): error TS1005: ',' expected.
app/[lang]/umzug-parsberg/page.tsx(62,48): error TS1005: ':' expected.
app/[lang]/umzug-parsberg/page.tsx(76,82): error TS1005: ',' expected.
app/[lang]/umzug-parsberg/page.tsx(77,17): error TS1109: Expression expected.
app/[lang]/umzug-parsberg/page.tsx(90,13): error TS17014: JSX fragment has no corresponding closing tag.
app/[lang]/umzug-parsberg/page.tsx(179,1): error TS1005: '</' expected.
app/[lang]/umzug-parsberg/page.tsx(179,1): error TS1160: Unterminated template literal.
app/[lang]/umzug-passau/page.tsx(61,25): error TS1005: ',' expected.
app/[lang]/umzug-passau/page.tsx(62,28): error TS1005: ',' expected.
app/[lang]/umzug-passau/page.tsx(62,48): error TS1005: ':' expected.
app/[lang]/umzug-passau/page.tsx(76,82): error TS1005: ',' expected.
app/[lang]/umzug-passau/page.tsx(77,17): error TS1109: Expression expected.
app/[lang]/umzug-passau/page.tsx(90,13): error TS17014: JSX fragment has no corresponding closing tag.
app/[lang]/umzug-passau/page.tsx(179,1): error TS1005: '</' expected.
app/[lang]/umzug-passau/page.tsx(179,1): error TS1160: Unterminated template literal.
app/[lang]/umzug-pentling/page.tsx(61,25): error TS1005: ',' expected.
app/[lang]/umzug-pentling/page.tsx(62,28): error TS1005: ',' expected.
app/[lang]/umzug-pentling/page.tsx(62,48): error TS1005: ':' expected.
app/[lang]/umzug-pentling/page.tsx(76,82): error TS1005: ',' expected.
app/[lang]/umzug-pentling/page.tsx(77,17): error TS1109: Expression expected.
app/[lang]/umzug-pentling/page.tsx(90,13): error TS17014: JSX fragment has no corresponding closing tag.
app/[lang]/umzug-pentling/page.tsx(179,1): error TS1005: '</' expected.
app/[lang]/umzug-pentling/page.tsx(179,1): error TS1160: Unterminated template literal.
app/[lang]/umzug-pfaffenhofen/page.tsx(61,25): error TS1005: ',' expected.
app/[lang]/umzug-pfaffenhofen/page.tsx(62,28): error TS1005: ',' expected.
app/[lang]/umzug-pfaffenhofen/page.tsx(62,48): error TS1005: ':' expected.
app/[lang]/umzug-pfaffenhofen/page.tsx(76,82): error TS1005: ',' expected.
app/[lang]/umzug-pfaffenhofen/page.tsx(77,17): error TS1109: Expression expected.
app/[lang]/umzug-pfaffenhofen/page.tsx(90,13): error TS17014: JSX fragment has no corresponding closing tag.
app/[lang]/umzug-pfaffenhofen/page.tsx(179,1): error TS1005: '</' expected.
app/[lang]/umzug-pfaffenhofen/page.tsx(179,1): error TS1160: Unterminated template literal.
app/[lang]/umzug-pfatter/page.tsx(61,25): error TS1005: ',' expected.
app/[lang]/umzug-pfatter/page.tsx(62,28): error TS1005: ',' expected.
app/[lang]/umzug-pfatter/page.tsx(62,48): error TS1005: ':' expected.
app/[lang]/umzug-pfatter/page.tsx(76,82): error TS1005: ',' expected.
app/[lang]/umzug-pfatter/page.tsx(77,17): error TS1109: Expression expected.
app/[lang]/umzug-pfatter/page.tsx(90,13): error TS17014: JSX fragment has no corresponding closing tag.
app/[lang]/umzug-pfatter/page.tsx(179,1): error TS1005: '</' expected.
app/[lang]/umzug-pfatter/page.tsx(179,1): error TS1160: Unterminated template literal.
app/[lang]/umzug-pfeffenhausen/page.tsx(61,25): error TS1005: ',' expected.
app/[lang]/umzug-pfeffenhausen/page.tsx(62,28): error TS1005: ',' expected.
app/[lang]/umzug-pfeffenhausen/page.tsx(62,48): error TS1005: ':' expected.
app/[lang]/umzug-pfeffenhausen/page.tsx(76,82): error TS1005: ',' expected.
app/[lang]/umzug-pfeffenhausen/page.tsx(77,17): error TS1109: Expression expected.
app/[lang]/umzug-pfeffenhausen/page.tsx(90,13): error TS17014: JSX fragment has no corresponding closing tag.
app/[lang]/umzug-pfeffenhausen/page.tsx(179,1): error TS1005: '</' expected.
app/[lang]/umzug-pfeffenhausen/page.tsx(179,1): error TS1160: Unterminated template literal.
app/[lang]/umzug-pielenhofen/page.tsx(61,25): error TS1005: ',' expected.
app/[lang]/umzug-pielenhofen/page.tsx(62,28): error TS1005: ',' expected.
app/[lang]/umzug-pielenhofen/page.tsx(62,48): error TS1005: ':' expected.
app/[lang]/umzug-pielenhofen/page.tsx(76,82): error TS1005: ',' expected.
app/[lang]/umzug-pielenhofen/page.tsx(77,17): error TS1109: Expression expected.
app/[lang]/umzug-pielenhofen/page.tsx(90,13): error TS17014: JSX fragment has no corresponding closing tag.
app/[lang]/umzug-pielenhofen/page.tsx(179,1): error TS1005: '</' expected.
app/[lang]/umzug-pielenhofen/page.tsx(179,1): error TS1160: Unterminated template literal.
app/[lang]/umzug-pocking/page.tsx(61,25): error TS1005: ',' expected.
app/[lang]/umzug-pocking/page.tsx(62,28): error TS1005: ',' expected.
app/[lang]/umzug-pocking/page.tsx(62,48): error TS1005: ':' expected.
app/[lang]/umzug-pocking/page.tsx(76,82): error TS1005: ',' expected.
app/[lang]/umzug-pocking/page.tsx(77,17): error TS1109: Expression expected.
app/[lang]/umzug-pocking/page.tsx(90,13): error TS17014: JSX fragment has no corresponding closing tag.
app/[lang]/umzug-pocking/page.tsx(179,1): error TS1005: '</' expected.
app/[lang]/umzug-pocking/page.tsx(179,1): error TS1160: Unterminated template literal.
app/[lang]/umzug-postbauer-heng/page.tsx(61,25): error TS1005: ',' expected.
app/[lang]/umzug-postbauer-heng/page.tsx(62,28): error TS1005: ',' expected.
app/[lang]/umzug-postbauer-heng/page.tsx(62,48): error TS1005: ':' expected.
app/[lang]/umzug-postbauer-heng/page.tsx(76,82): error TS1005: ',' expected.
app/[lang]/umzug-postbauer-heng/page.tsx(77,17): error TS1109: Expression expected.
app/[lang]/umzug-postbauer-heng/page.tsx(90,13): error TS17014: JSX fragment has no corresponding closing tag.
app/[lang]/umzug-postbauer-heng/page.tsx(179,1): error TS1005: '</' expected.
app/[lang]/umzug-postbauer-heng/page.tsx(179,1): error TS1160: Unterminated template literal.
app/[lang]/umzug-regenstauf/page.tsx(61,25): error TS1005: ',' expected.
app/[lang]/umzug-regenstauf/page.tsx(62,28): error TS1005: ',' expected.
app/[lang]/umzug-regenstauf/page.tsx(62,48): error TS1005: ':' expected.
app/[lang]/umzug-regenstauf/page.tsx(76,82): error TS1005: ',' expected.
app/[lang]/umzug-regenstauf/page.tsx(77,17): error TS1109: Expression expected.
app/[lang]/umzug-regenstauf/page.tsx(90,13): error TS17014: JSX fragment has no corresponding closing tag.
app/[lang]/umzug-regenstauf/page.tsx(179,1): error TS1005: '</' expected.
app/[lang]/umzug-regenstauf/page.tsx(179,1): error TS1160: Unterminated template literal.
app/[lang]/umzug-riekofen/page.tsx(61,25): error TS1005: ',' expected.
app/[lang]/umzug-riekofen/page.tsx(62,28): error TS1005: ',' expected.
app/[lang]/umzug-riekofen/page.tsx(62,48): error TS1005: ':' expected.
app/[lang]/umzug-riekofen/page.tsx(76,82): error TS1005: ',' expected.
app/[lang]/umzug-riekofen/page.tsx(77,17): error TS1109: Expression expected.
app/[lang]/umzug-riekofen/page.tsx(90,13): error TS17014: JSX fragment has no corresponding closing tag.
app/[lang]/umzug-riekofen/page.tsx(179,1): error TS1005: '</' expected.
app/[lang]/umzug-riekofen/page.tsx(179,1): error TS1160: Unterminated template literal.
app/[lang]/umzug-rosenheim/page.tsx(61,25): error TS1005: ',' expected.
app/[lang]/umzug-rosenheim/page.tsx(62,28): error TS1005: ',' expected.
app/[lang]/umzug-rosenheim/page.tsx(62,48): error TS1005: ':' expected.
app/[lang]/umzug-rosenheim/page.tsx(76,82): error TS1005: ',' expected.
app/[lang]/umzug-rosenheim/page.tsx(77,17): error TS1109: Expression expected.
app/[lang]/umzug-rosenheim/page.tsx(90,13): error TS17014: JSX fragment has no corresponding closing tag.
app/[lang]/umzug-rosenheim/page.tsx(179,1): error TS1005: '</' expected.
app/[lang]/umzug-rosenheim/page.tsx(179,1): error TS1160: Unterminated template literal.
app/[lang]/umzug-roth/page.tsx(61,25): error TS1005: ',' expected.
app/[lang]/umzug-roth/page.tsx(62,28): error TS1005: ',' expected.
app/[lang]/umzug-roth/page.tsx(62,48): error TS1005: ':' expected.
app/[lang]/umzug-roth/page.tsx(76,82): error TS1005: ',' expected.
app/[lang]/umzug-roth/page.tsx(77,17): error TS1109: Expression expected.
app/[lang]/umzug-roth/page.tsx(90,13): error TS17014: JSX fragment has no corresponding closing tag.
app/[lang]/umzug-roth/page.tsx(179,1): error TS1005: '</' expected.
app/[lang]/umzug-roth/page.tsx(179,1): error TS1160: Unterminated template literal.
app/[lang]/umzug-rottenburg-an-der-laaber/page.tsx(61,25): error TS1005: ',' expected.
app/[lang]/umzug-rottenburg-an-der-laaber/page.tsx(62,28): error TS1005: ',' expected.
app/[lang]/umzug-rottenburg-an-der-laaber/page.tsx(62,48): error TS1005: ':' expected.
app/[lang]/umzug-rottenburg-an-der-laaber/page.tsx(76,82): error TS1005: ',' expected.
app/[lang]/umzug-rottenburg-an-der-laaber/page.tsx(77,17): error TS1109: Expression expected.
app/[lang]/umzug-rottenburg-an-der-laaber/page.tsx(90,13): error TS17014: JSX fragment has no corresponding closing tag.
app/[lang]/umzug-rottenburg-an-der-laaber/page.tsx(179,1): error TS1005: '</' expected.
app/[lang]/umzug-rottenburg-an-der-laaber/page.tsx(179,1): error TS1160: Unterminated template literal.
app/[lang]/umzug-saal-an-der-donau/page.tsx(61,25): error TS1005: ',' expected.
app/[lang]/umzug-saal-an-der-donau/page.tsx(62,28): error TS1005: ',' expected.
app/[lang]/umzug-saal-an-der-donau/page.tsx(62,48): error TS1005: ':' expected.
app/[lang]/umzug-saal-an-der-donau/page.tsx(76,82): error TS1005: ',' expected.
app/[lang]/umzug-saal-an-der-donau/page.tsx(77,17): error TS1109: Expression expected.
app/[lang]/umzug-saal-an-der-donau/page.tsx(90,13): error TS17014: JSX fragment has no corresponding closing tag.
app/[lang]/umzug-saal-an-der-donau/page.tsx(179,1): error TS1005: '</' expected.
app/[lang]/umzug-saal-an-der-donau/page.tsx(179,1): error TS1160: Unterminated template literal.
app/[lang]/umzug-schierling/page.tsx(61,25): error TS1005: ',' expected.
app/[lang]/umzug-schierling/page.tsx(62,28): error TS1005: ',' expected.
app/[lang]/umzug-schierling/page.tsx(62,48): error TS1005: ':' expected.
app/[lang]/umzug-schierling/page.tsx(76,82): error TS1005: ',' expected.
app/[lang]/umzug-schierling/page.tsx(77,17): error TS1109: Expression expected.
app/[lang]/umzug-schierling/page.tsx(90,13): error TS17014: JSX fragment has no corresponding closing tag.
app/[lang]/umzug-schierling/page.tsx(179,1): error TS1005: '</' expected.
app/[lang]/umzug-schierling/page.tsx(179,1): error TS1160: Unterminated template literal.
app/[lang]/umzug-schwabach/page.tsx(61,25): error TS1005: ',' expected.
app/[lang]/umzug-schwabach/page.tsx(62,28): error TS1005: ',' expected.
app/[lang]/umzug-schwabach/page.tsx(62,48): error TS1005: ':' expected.
app/[lang]/umzug-schwabach/page.tsx(76,82): error TS1005: ',' expected.
app/[lang]/umzug-schwabach/page.tsx(77,17): error TS1109: Expression expected.
app/[lang]/umzug-schwabach/page.tsx(90,13): error TS17014: JSX fragment has no corresponding closing tag.
app/[lang]/umzug-schwabach/page.tsx(179,1): error TS1005: '</' expected.
app/[lang]/umzug-schwabach/page.tsx(179,1): error TS1160: Unterminated template literal.
app/[lang]/umzug-seubersdorf/page.tsx(61,25): error TS1005: ',' expected.
app/[lang]/umzug-seubersdorf/page.tsx(62,28): error TS1005: ',' expected.
app/[lang]/umzug-seubersdorf/page.tsx(62,48): error TS1005: ':' expected.
app/[lang]/umzug-seubersdorf/page.tsx(76,82): error TS1005: ',' expected.
app/[lang]/umzug-seubersdorf/page.tsx(77,17): error TS1109: Expression expected.
app/[lang]/umzug-seubersdorf/page.tsx(90,13): error TS17014: JSX fragment has no corresponding closing tag.
app/[lang]/umzug-seubersdorf/page.tsx(179,1): error TS1005: '</' expected.
app/[lang]/umzug-seubersdorf/page.tsx(179,1): error TS1160: Unterminated template literal.
app/[lang]/umzug-sinzing/page.tsx(61,25): error TS1005: ',' expected.
app/[lang]/umzug-sinzing/page.tsx(62,28): error TS1005: ',' expected.
app/[lang]/umzug-sinzing/page.tsx(62,48): error TS1005: ':' expected.
app/[lang]/umzug-sinzing/page.tsx(76,82): error TS1005: ',' expected.
app/[lang]/umzug-sinzing/page.tsx(77,17): error TS1109: Expression expected.
app/[lang]/umzug-sinzing/page.tsx(90,13): error TS17014: JSX fragment has no corresponding closing tag.
app/[lang]/umzug-sinzing/page.tsx(179,1): error TS1005: '</' expected.
app/[lang]/umzug-sinzing/page.tsx(179,1): error TS1160: Unterminated template literal.
app/[lang]/umzug-straubing/page.tsx(61,25): error TS1005: ',' expected.
app/[lang]/umzug-straubing/page.tsx(62,28): error TS1005: ',' expected.
app/[lang]/umzug-straubing/page.tsx(62,48): error TS1005: ':' expected.
app/[lang]/umzug-straubing/page.tsx(76,82): error TS1005: ',' expected.
app/[lang]/umzug-straubing/page.tsx(77,17): error TS1109: Expression expected.
app/[lang]/umzug-straubing/page.tsx(90,13): error TS17014: JSX fragment has no corresponding closing tag.
app/[lang]/umzug-straubing/page.tsx(179,1): error TS1005: '</' expected.
app/[lang]/umzug-straubing/page.tsx(179,1): error TS1160: Unterminated template literal.
app/[lang]/umzug-suenching/page.tsx(61,25): error TS1005: ',' expected.
app/[lang]/umzug-suenching/page.tsx(62,28): error TS1005: ',' expected.
app/[lang]/umzug-suenching/page.tsx(62,48): error TS1005: ':' expected.
app/[lang]/umzug-suenching/page.tsx(76,82): error TS1005: ',' expected.
app/[lang]/umzug-suenching/page.tsx(77,17): error TS1109: Expression expected.
app/[lang]/umzug-suenching/page.tsx(90,13): error TS17014: JSX fragment has no corresponding closing tag.
app/[lang]/umzug-suenching/page.tsx(179,1): error TS1005: '</' expected.
app/[lang]/umzug-suenching/page.tsx(179,1): error TS1160: Unterminated template literal.
app/[lang]/umzug-sulzbach-rosenberg/page.tsx(61,25): error TS1005: ',' expected.
app/[lang]/umzug-sulzbach-rosenberg/page.tsx(62,28): error TS1005: ',' expected.
app/[lang]/umzug-sulzbach-rosenberg/page.tsx(62,48): error TS1005: ':' expected.
app/[lang]/umzug-sulzbach-rosenberg/page.tsx(76,82): error TS1005: ',' expected.
app/[lang]/umzug-sulzbach-rosenberg/page.tsx(77,17): error TS1109: Expression expected.
app/[lang]/umzug-sulzbach-rosenberg/page.tsx(90,13): error TS17014: JSX fragment has no corresponding closing tag.
app/[lang]/umzug-sulzbach-rosenberg/page.tsx(179,1): error TS1005: '</' expected.
app/[lang]/umzug-sulzbach-rosenberg/page.tsx(179,1): error TS1160: Unterminated template literal.
app/[lang]/umzug-tegernheim/page.tsx(61,25): error TS1005: ',' expected.
app/[lang]/umzug-tegernheim/page.tsx(62,28): error TS1005: ',' expected.
app/[lang]/umzug-tegernheim/page.tsx(62,48): error TS1005: ':' expected.
app/[lang]/umzug-tegernheim/page.tsx(76,82): error TS1005: ',' expected.
app/[lang]/umzug-tegernheim/page.tsx(77,17): error TS1109: Expression expected.
app/[lang]/umzug-tegernheim/page.tsx(90,13): error TS17014: JSX fragment has no corresponding closing tag.
app/[lang]/umzug-tegernheim/page.tsx(179,1): error TS1005: '</' expected.
app/[lang]/umzug-tegernheim/page.tsx(179,1): error TS1160: Unterminated template literal.
app/[lang]/umzug-thalmassing/page.tsx(61,25): error TS1005: ',' expected.
app/[lang]/umzug-thalmassing/page.tsx(62,28): error TS1005: ',' expected.
app/[lang]/umzug-thalmassing/page.tsx(62,48): error TS1005: ':' expected.
app/[lang]/umzug-thalmassing/page.tsx(76,82): error TS1005: ',' expected.
app/[lang]/umzug-thalmassing/page.tsx(77,17): error TS1109: Expression expected.
app/[lang]/umzug-thalmassing/page.tsx(90,13): error TS17014: JSX fragment has no corresponding closing tag.
app/[lang]/umzug-thalmassing/page.tsx(179,1): error TS1005: '</' expected.
app/[lang]/umzug-thalmassing/page.tsx(179,1): error TS1160: Unterminated template literal.
app/[lang]/umzug-velburg/page.tsx(61,25): error TS1005: ',' expected.
app/[lang]/umzug-velburg/page.tsx(62,28): error TS1005: ',' expected.
app/[lang]/umzug-velburg/page.tsx(62,48): error TS1005: ':' expected.
app/[lang]/umzug-velburg/page.tsx(76,82): error TS1005: ',' expected.
app/[lang]/umzug-velburg/page.tsx(77,17): error TS1109: Expression expected.
app/[lang]/umzug-velburg/page.tsx(90,13): error TS17014: JSX fragment has no corresponding closing tag.
app/[lang]/umzug-velburg/page.tsx(179,1): error TS1005: '</' expected.
app/[lang]/umzug-velburg/page.tsx(179,1): error TS1160: Unterminated template literal.
app/[lang]/umzug-vohburg/page.tsx(61,25): error TS1005: ',' expected.
app/[lang]/umzug-vohburg/page.tsx(62,28): error TS1005: ',' expected.
app/[lang]/umzug-vohburg/page.tsx(62,48): error TS1005: ':' expected.
app/[lang]/umzug-vohburg/page.tsx(76,82): error TS1005: ',' expected.
app/[lang]/umzug-vohburg/page.tsx(77,17): error TS1109: Expression expected.
app/[lang]/umzug-vohburg/page.tsx(90,13): error TS17014: JSX fragment has no corresponding closing tag.
app/[lang]/umzug-vohburg/page.tsx(179,1): error TS1005: '</' expected.
app/[lang]/umzug-vohburg/page.tsx(179,1): error TS1160: Unterminated template literal.
app/[lang]/umzug-weiden/page.tsx(61,25): error TS1005: ',' expected.
app/[lang]/umzug-weiden/page.tsx(62,28): error TS1005: ',' expected.
app/[lang]/umzug-weiden/page.tsx(62,48): error TS1005: ':' expected.
app/[lang]/umzug-weiden/page.tsx(76,82): error TS1005: ',' expected.
app/[lang]/umzug-weiden/page.tsx(77,17): error TS1109: Expression expected.
app/[lang]/umzug-weiden/page.tsx(90,13): error TS17014: JSX fragment has no corresponding closing tag.
app/[lang]/umzug-weiden/page.tsx(179,1): error TS1005: '</' expected.
app/[lang]/umzug-weiden/page.tsx(179,1): error TS1160: Unterminated template literal.
app/[lang]/umzug-wendelstein/page.tsx(61,25): error TS1005: ',' expected.
app/[lang]/umzug-wendelstein/page.tsx(62,28): error TS1005: ',' expected.
app/[lang]/umzug-wendelstein/page.tsx(62,48): error TS1005: ':' expected.
app/[lang]/umzug-wendelstein/page.tsx(76,82): error TS1005: ',' expected.
app/[lang]/umzug-wendelstein/page.tsx(77,17): error TS1109: Expression expected.
app/[lang]/umzug-wendelstein/page.tsx(90,13): error TS17014: JSX fragment has no corresponding closing tag.
app/[lang]/umzug-wendelstein/page.tsx(179,1): error TS1005: '</' expected.
app/[lang]/umzug-wendelstein/page.tsx(179,1): error TS1160: Unterminated template literal.
app/[lang]/umzug-wenzenbach/page.tsx(61,25): error TS1005: ',' expected.
app/[lang]/umzug-wenzenbach/page.tsx(62,28): error TS1005: ',' expected.
app/[lang]/umzug-wenzenbach/page.tsx(62,48): error TS1005: ':' expected.
app/[lang]/umzug-wenzenbach/page.tsx(76,82): error TS1005: ',' expected.
app/[lang]/umzug-wenzenbach/page.tsx(77,17): error TS1109: Expression expected.
app/[lang]/umzug-wenzenbach/page.tsx(90,13): error TS17014: JSX fragment has no corresponding closing tag.
app/[lang]/umzug-wenzenbach/page.tsx(179,1): error TS1005: '</' expected.
app/[lang]/umzug-wenzenbach/page.tsx(179,1): error TS1160: Unterminated template literal.
app/[lang]/umzug-wiesent/page.tsx(61,25): error TS1005: ',' expected.
app/[lang]/umzug-wiesent/page.tsx(62,28): error TS1005: ',' expected.
app/[lang]/umzug-wiesent/page.tsx(62,48): error TS1005: ':' expected.
app/[lang]/umzug-wiesent/page.tsx(76,82): error TS1005: ',' expected.
app/[lang]/umzug-wiesent/page.tsx(77,17): error TS1109: Expression expected.
app/[lang]/umzug-wiesent/page.tsx(90,13): error TS17014: JSX fragment has no corresponding closing tag.
app/[lang]/umzug-wiesent/page.tsx(179,1): error TS1005: '</' expected.
app/[lang]/umzug-wiesent/page.tsx(179,1): error TS1160: Unterminated template literal.
app/[lang]/umzug-woerth-an-der-donau/page.tsx(61,25): error TS1005: ',' expected.
app/[lang]/umzug-woerth-an-der-donau/page.tsx(62,28): error TS1005: ',' expected.
app/[lang]/umzug-woerth-an-der-donau/page.tsx(62,48): error TS1005: ':' expected.
app/[lang]/umzug-woerth-an-der-donau/page.tsx(76,82): error TS1005: ',' expected.
app/[lang]/umzug-woerth-an-der-donau/page.tsx(77,17): error TS1109: Expression expected.
app/[lang]/umzug-woerth-an-der-donau/page.tsx(90,13): error TS17014: JSX fragment has no corresponding closing tag.
app/[lang]/umzug-woerth-an-der-donau/page.tsx(179,1): error TS1005: '</' expected.
app/[lang]/umzug-woerth-an-der-donau/page.tsx(179,1): error TS1160: Unterminated template literal.
app/[lang]/umzug-wolfsegg/page.tsx(61,25): error TS1005: ',' expected.
app/[lang]/umzug-wolfsegg/page.tsx(62,28): error TS1005: ',' expected.
app/[lang]/umzug-wolfsegg/page.tsx(62,48): error TS1005: ':' expected.
app/[lang]/umzug-wolfsegg/page.tsx(76,82): error TS1005: ',' expected.
app/[lang]/umzug-wolfsegg/page.tsx(77,17): error TS1109: Expression expected.
app/[lang]/umzug-wolfsegg/page.tsx(90,13): error TS17014: JSX fragment has no corresponding closing tag.
app/[lang]/umzug-wolfsegg/page.tsx(179,1): error TS1005: '</' expected.
app/[lang]/umzug-wolfsegg/page.tsx(179,1): error TS1160: Unterminated template literal.
app/[lang]/umzug-wolnzach/page.tsx(61,25): error TS1005: ',' expected.
app/[lang]/umzug-wolnzach/page.tsx(62,28): error TS1005: ',' expected.
app/[lang]/umzug-wolnzach/page.tsx(62,48): error TS1005: ':' expected.
app/[lang]/umzug-wolnzach/page.tsx(76,82): error TS1005: ',' expected.
app/[lang]/umzug-wolnzach/page.tsx(77,17): error TS1109: Expression expected.
app/[lang]/umzug-wolnzach/page.tsx(90,13): error TS17014: JSX fragment has no corresponding closing tag.
app/[lang]/umzug-wolnzach/page.tsx(182,1): error TS1005: '</' expected.
app/[lang]/umzug-wolnzach/page.tsx(182,1): error TS1160: Unterminated template literal.
app/[lang]/umzug-wuerzburg/page.tsx(61,25): error TS1005: ',' expected.
app/[lang]/umzug-wuerzburg/page.tsx(62,28): error TS1005: ',' expected.
app/[lang]/umzug-wuerzburg/page.tsx(62,48): error TS1005: ':' expected.
app/[lang]/umzug-wuerzburg/page.tsx(76,82): error TS1005: ',' expected.
app/[lang]/umzug-wuerzburg/page.tsx(77,17): error TS1109: Expression expected.
app/[lang]/umzug-wuerzburg/page.tsx(90,13): error TS17014: JSX fragment has no corresponding closing tag.
app/[lang]/umzug-wuerzburg/page.tsx(179,1): error TS1005: '</' expected.
app/[lang]/umzug-wuerzburg/page.tsx(179,1): error TS1160: Unterminated template literal.
app/[lang]/umzug-zeitlarn/page.tsx(61,25): error TS1005: ',' expected.
app/[lang]/umzug-zeitlarn/page.tsx(62,28): error TS1005: ',' expected.
app/[lang]/umzug-zeitlarn/page.tsx(62,48): error TS1005: ':' expected.
app/[lang]/umzug-zeitlarn/page.tsx(76,82): error TS1005: ',' expected.
app/[lang]/umzug-zeitlarn/page.tsx(77,17): error TS1109: Expression expected.
app/[lang]/umzug-zeitlarn/page.tsx(90,13): error TS17014: JSX fragment has no corresponding closing tag.
app/[lang]/umzug-zeitlarn/page.tsx(179,1): error TS1005: '</' expected.
app/[lang]/umzug-zeitlarn/page.tsx(179,1): error TS1160: Unterminated template literal.
